exports[`Action to toggle aside 1`] = `
Object {
  "type": "aside:toggle",
}
`;
