exports[`Components Library 1`] = `
ShallowWrapper {
  "complexSelector": ComplexSelector {
    "buildPredicate": [Function],
    "childrenOfNode": [Function],
    "findWhereUnwrapped": [Function],
  },
  "length": 1,
  "node": <div
    style={
        Object {
            "display": "flex",
            "flexWrap": "wrap",
            "justifyContent": "space-around",
          }
    }>
    <GridList
        cellHeight={180}
        cols={2}
        padding={4}
        style={
            Object {
                "height": "100%",
                "overflowY": "auto",
                "width": "100%",
              }
        }>
        <Link
            onlyActiveOnIndex={false}
            style={Object {}}
            to="/collection/1">
            <GridTile
                actionPosition="right"
                cols={1}
                containerElement="div"
                rows={1}
                subtitle={
                    <span>
                        by 
                        <b>
                            jeremy
                        </b>
                    </span>
                }
                title="run test"
                titleBackground="rgba(0, 0, 0, 0.4)"
                titlePosition="bottom">
                <img
                    alt=""
                    src="" />
            </GridTile>
        </Link>
        <Link
            onlyActiveOnIndex={false}
            style={Object {}}
            to="/collection/2">
            <GridTile
                actionPosition="right"
                cols={1}
                containerElement="div"
                rows={1}
                subtitle={
                    <span>
                        by 
                        <b>
                            jeremy
                        </b>
                    </span>
                }
                title="run test 2"
                titleBackground="rgba(0, 0, 0, 0.4)"
                titlePosition="bottom">
                <img
                    alt=""
                    src="" />
            </GridTile>
        </Link>
    </GridList>
</div>,
  "nodes": Array [
    <div
      style={
            Object {
                  "display": "flex",
                  "flexWrap": "wrap",
                  "justifyContent": "space-around",
                }
      }>
      <GridList
            cellHeight={180}
            cols={2}
            padding={4}
            style={
                  Object {
                        "height": "100%",
                        "overflowY": "auto",
                        "width": "100%",
                      }
            }>
            <Link
                  onlyActiveOnIndex={false}
                  style={Object {}}
                  to="/collection/1">
                  <GridTile
                        actionPosition="right"
                        cols={1}
                        containerElement="div"
                        rows={1}
                        subtitle={
                              <span>
                                    by 
                                    <b>
                                          jeremy
                                    </b>
                              </span>
                        }
                        title="run test"
                        titleBackground="rgba(0, 0, 0, 0.4)"
                        titlePosition="bottom">
                        <img
                              alt=""
                              src="" />
                  </GridTile>
            </Link>
            <Link
                  onlyActiveOnIndex={false}
                  style={Object {}}
                  to="/collection/2">
                  <GridTile
                        actionPosition="right"
                        cols={1}
                        containerElement="div"
                        rows={1}
                        subtitle={
                              <span>
                                    by 
                                    <b>
                                          jeremy
                                    </b>
                              </span>
                        }
                        title="run test 2"
                        titleBackground="rgba(0, 0, 0, 0.4)"
                        titlePosition="bottom">
                        <img
                              alt=""
                              src="" />
                  </GridTile>
            </Link>
      </GridList>
</div>,
  ],
  "options": Object {},
  "renderer": ReactShallowRenderer {
    "_instance": ShallowComponentWrapper {
      "_calledComponentWillUnmount": false,
      "_compositeType": 0,
      "_context": Object {},
      "_currentElement": <Library
        style={
                Object {
                        "gridList": Object {
                          "height": "100%",
                          "overflowY": "auto",
                          "width": "100%",
                        },
                        "root": Object {
                          "display": "flex",
                          "flexWrap": "wrap",
                          "justifyContent": "space-around",
                        },
                      }
        }
        tiles={
                Array [
                        Object {
                          "author": "jeremy",
                          "id": 1,
                          "img": "",
                          "library_id": 1,
                          "title": "run test",
                        },
                        Object {
                          "author": "jeremy",
                          "id": 2,
                          "img": "",
                          "library_id": 2,
                          "title": "run test 2",
                        },
                      ]
        } />,
      "_debugID": 1,
      "_hostContainerInfo": null,
      "_hostParent": null,
      "_instance": Library {
        "_reactInternalInstance": [Circular],
        "context": Object {},
        "props": Object {
          "style": Object {
            "gridList": Object {
              "height": "100%",
              "overflowY": "auto",
              "width": "100%",
            },
            "root": Object {
              "display": "flex",
              "flexWrap": "wrap",
              "justifyContent": "space-around",
            },
          },
          "tiles": Array [
            Object {
              "author": "jeremy",
              "id": 1,
              "img": "",
              "library_id": 1,
              "title": "run test",
            },
            Object {
              "author": "jeremy",
              "id": 2,
              "img": "",
              "library_id": 2,
              "title": "run test 2",
            },
          ],
        },
        "refs": Object {},
        "state": null,
        "updater": Object {
          "enqueueCallback": [Function],
          "enqueueCallbackInternal": [Function],
          "enqueueElementInternal": [Function],
          "enqueueForceUpdate": [Function],
          "enqueueReplaceState": [Function],
          "enqueueSetState": [Function],
          "isMounted": [Function],
          "validateCallback": [Function],
        },
      },
      "_mountOrder": 1,
      "_pendingCallbacks": null,
      "_pendingElement": null,
      "_pendingForceUpdate": false,
      "_pendingReplaceState": false,
      "_pendingStateQueue": null,
      "_renderedComponent": NoopInternalComponent {
        "_currentElement": <div
          style={
                    Object {
                              "display": "flex",
                              "flexWrap": "wrap",
                              "justifyContent": "space-around",
                            }
          }>
          <GridList
                    cellHeight={180}
                    cols={2}
                    padding={4}
                    style={
                              Object {
                                        "height": "100%",
                                        "overflowY": "auto",
                                        "width": "100%",
                                      }
                    }>
                    <Link
                              onlyActiveOnIndex={false}
                              style={Object {}}
                              to="/collection/1">
                              <GridTile
                                        actionPosition="right"
                                        cols={1}
                                        containerElement="div"
                                        rows={1}
                                        subtitle={
                                                  <span>
                                                            by 
                                                            <b>
                                                                      jeremy
                                                            </b>
                                                  </span>
                                        }
                                        title="run test"
                                        titleBackground="rgba(0, 0, 0, 0.4)"
                                        titlePosition="bottom">
                                        <img
                                                  alt=""
                                                  src="" />
                              </GridTile>
                    </Link>
                    <Link
                              onlyActiveOnIndex={false}
                              style={Object {}}
                              to="/collection/2">
                              <GridTile
                                        actionPosition="right"
                                        cols={1}
                                        containerElement="div"
                                        rows={1}
                                        subtitle={
                                                  <span>
                                                            by 
                                                            <b>
                                                                      jeremy
                                                            </b>
                                                  </span>
                                        }
                                        title="run test 2"
                                        titleBackground="rgba(0, 0, 0, 0.4)"
                                        titlePosition="bottom">
                                        <img
                                                  alt=""
                                                  src="" />
                              </GridTile>
                    </Link>
          </GridList>
</div>,
        "_debugID": 2,
        "_renderedOutput": <div
          style={
                    Object {
                              "display": "flex",
                              "flexWrap": "wrap",
                              "justifyContent": "space-around",
                            }
          }>
          <GridList
                    cellHeight={180}
                    cols={2}
                    padding={4}
                    style={
                              Object {
                                        "height": "100%",
                                        "overflowY": "auto",
                                        "width": "100%",
                                      }
                    }>
                    <Link
                              onlyActiveOnIndex={false}
                              style={Object {}}
                              to="/collection/1">
                              <GridTile
                                        actionPosition="right"
                                        cols={1}
                                        containerElement="div"
                                        rows={1}
                                        subtitle={
                                                  <span>
                                                            by 
                                                            <b>
                                                                      jeremy
                                                            </b>
                                                  </span>
                                        }
                                        title="run test"
                                        titleBackground="rgba(0, 0, 0, 0.4)"
                                        titlePosition="bottom">
                                        <img
                                                  alt=""
                                                  src="" />
                              </GridTile>
                    </Link>
                    <Link
                              onlyActiveOnIndex={false}
                              style={Object {}}
                              to="/collection/2">
                              <GridTile
                                        actionPosition="right"
                                        cols={1}
                                        containerElement="div"
                                        rows={1}
                                        subtitle={
                                                  <span>
                                                            by 
                                                            <b>
                                                                      jeremy
                                                            </b>
                                                  </span>
                                        }
                                        title="run test 2"
                                        titleBackground="rgba(0, 0, 0, 0.4)"
                                        titlePosition="bottom">
                                        <img
                                                  alt=""
                                                  src="" />
                              </GridTile>
                    </Link>
          </GridList>
</div>,
      },
      "_renderedNodeType": 0,
      "_rootNodeID": 0,
      "_topLevelWrapper": null,
      "_updateBatchNumber": null,
      "_warnedAboutRefsInRender": false,
    },
    "getRenderOutput": [Function],
    "render": [Function],
  },
  "root": [Circular],
  "unrendered": <Library
    style={
        Object {
            "gridList": Object {
              "height": "100%",
              "overflowY": "auto",
              "width": "100%",
            },
            "root": Object {
              "display": "flex",
              "flexWrap": "wrap",
              "justifyContent": "space-around",
            },
          }
    }
    tiles={
        Array [
            Object {
              "author": "jeremy",
              "id": 1,
              "img": "",
              "library_id": 1,
              "title": "run test",
            },
            Object {
              "author": "jeremy",
              "id": 2,
              "img": "",
              "library_id": 2,
              "title": "run test 2",
            },
          ]
    } />,
}
`;
